// Jest Snapshot v1, https://goo.gl/fbAQLP

exports[`404 renders without crashing 1`] = `
<div
  className="container"
>
  <div
    className="row my-5"
  >
    <div
      className="col-10 mx-auto text-center text-title text-uppercase my-5"
    >
      <h1
        className="display-3 my-5"
      >
        404
      </h1>
      <h1>
        error
      </h1>
      <h2>
        page not found
      </h2>
      <h3>
        the requested URL 
        <span
          className="text-danger"
        >
          /ddd
        </span>
         was not found
      </h3>
    </div>
  </div>
</div>
`;
