// Jest Snapshot v1, https://goo.gl/fbAQLP

exports[`Form should render without crash 1`] = `
<div
  className="sc-bdVaJa cXdaWL"
>
  <form>
    <div
      className="form-inline"
    >
      <input
        className="form-control"
        id="search"
        placeholder="Search"
        type="text"
      />
      <button
        type="submit"
      >
        <i
          className="fas fa-search"
        />
      </button>
    </div>
  </form>
</div>
`;
